// Vitest Snapshot v1, https://vitest.dev/guide/snapshot.html

exports[`auth/ACL cartography (security contract) > locks the full auth/ACL cartography of every route 1`] = `
[
  "DELETE /api/v1/accounts/:id  ::  auth=ApiToken+JWT guards=[GlobalPermissionGuard] global:accounts[access,revoke-account]",
  "DELETE /api/v1/accounts/:id/sessions  ::  auth=ApiToken+JWT guards=[GlobalPermissionGuard] global:accounts[access,revoke-account-sessions]",
  "DELETE /api/v1/accounts/:id/sessions/:sessionId  ::  auth=ApiToken+JWT guards=[GlobalPermissionGuard] global:accounts[access,revoke-account-sessions]",
  "DELETE /api/v1/accounts/:id/sessions/history  ::  auth=ApiToken+JWT guards=[GlobalPermissionGuard] global:accounts[access,purge-account-sessions]",
  "DELETE /api/v1/admin/domains/:domainId  ::  auth=ApiToken+JWT guards=[GlobalPermissionGuard,DomainPermissionGuard] global:domains[access] superadmin[access,delete-any-domain]",
  "DELETE /api/v1/api-tokens/:id  ::  auth=JWT+ApiToken guards=[GlobalPermissionGuard] global:api-tokens[access,delete-api-token]",
  "DELETE /api/v1/auth/jwt/me/sessions/:id  ::  auth=ApiToken+JWT guards=[]",
  "DELETE /api/v1/domains/:domainId/aliases/:id  ::  auth=ApiToken+JWT guards=[GlobalPermissionGuard,DomainPermissionGuard] domain:aliases[access,delete-alias]",
  "DELETE /api/v1/domains/:domainId/dkim/:selector  ::  auth=ApiToken+JWT guards=[GlobalPermissionGuard,DomainPermissionGuard] global:domain_owner_elevated[delete-dkim-key] domain:dkim[access,delete-dkim-key] admin[access,manage-dkim]",
  "DELETE /api/v1/domains/:domainId/recipients/:id  ::  auth=ApiToken+JWT guards=[GlobalPermissionGuard,DomainPermissionGuard] domain:recipients[access,delete-recipient]",
  "DELETE /api/v1/groups/:id  ::  auth=ApiToken+JWT guards=[GlobalPermissionGuard,DomainPermissionGuard] global:groups[access,delete-group]",
  "DELETE /api/v1/groups/:id/members/:accountId  ::  auth=ApiToken+JWT guards=[GlobalPermissionGuard,DomainPermissionGuard] svc:groups[access,remove-group-member]",
  "DELETE /api/v1/groups/:id/members/all  ::  auth=ApiToken+JWT guards=[GlobalPermissionGuard,DomainPermissionGuard]",
  "DELETE /api/v1/notifications/:id  ::  auth=ApiToken+JWT guards=[]",
  "DELETE /api/v1/rspamd/actions  ::  auth=ApiToken+JWT guards=[GlobalPermissionGuard] global:rspamd[access,reset-rspamd-thresholds]",
  "DELETE /api/v1/sieve/reject-senders/:id  ::  auth=ApiToken+JWT guards=[GlobalPermissionGuard] global:sieve[access,delete-reject-sender]",
  "GET /api/v1/accounts  ::  auth=ApiToken+JWT guards=[GlobalPermissionGuard] global:accounts[access,list-accounts]",
  "GET /api/v1/accounts/:id  ::  auth=ApiToken+JWT guards=[GlobalPermissionGuard] global:accounts[access,view-account]",
  "GET /api/v1/accounts/:id/overview  ::  auth=ApiToken+JWT guards=[GlobalPermissionGuard] global:accounts[access,view-account]",
  "GET /api/v1/accounts/:id/sessions/active  ::  auth=ApiToken+JWT guards=[GlobalPermissionGuard] global:accounts[access,view-account-sessions]",
  "GET /api/v1/accounts/:id/sessions/history  ::  auth=ApiToken+JWT guards=[GlobalPermissionGuard] global:accounts[access,view-account-sessions]",
  "GET /api/v1/accounts/invite/:token  ::  auth=PUBLIC guards=[GlobalPermissionGuard]",
  "GET /api/v1/accounts/names  ::  auth=ApiToken+JWT guards=[GlobalPermissionGuard] global:accounts[access,list-account-names]",
  "GET /api/v1/accounts/sessions/overview  ::  auth=ApiToken+JWT guards=[GlobalPermissionGuard] global:accounts[access,view-account-sessions]",
  "GET /api/v1/api-tokens  ::  auth=JWT+ApiToken guards=[GlobalPermissionGuard] global:api-tokens[access,list-api-tokens]",
  "GET /api/v1/auth/jwt/me  ::  auth=ApiToken+JWT guards=[]",
  "GET /api/v1/auth/jwt/me/groups/:id/permissions  ::  auth=ApiToken+JWT guards=[]",
  "GET /api/v1/auth/jwt/me/overview  ::  auth=ApiToken+JWT guards=[]",
  "GET /api/v1/auth/jwt/me/permissions  ::  auth=ApiToken+JWT guards=[]",
  "GET /api/v1/auth/jwt/me/sessions  ::  auth=ApiToken+JWT guards=[]",
  "GET /api/v1/auth/jwt/me/sessions/history  ::  auth=ApiToken+JWT guards=[]",
  "GET /api/v1/domains  ::  auth=ApiToken+JWT guards=[GlobalPermissionGuard,DomainPermissionGuard] global:domains[access]",
  "GET /api/v1/domains/:domainId  ::  auth=ApiToken+JWT guards=[GlobalPermissionGuard,DomainPermissionGuard] domain:domain[access,view-domain]",
  "GET /api/v1/domains/:domainId/aliases  ::  auth=ApiToken+JWT guards=[GlobalPermissionGuard,DomainPermissionGuard] domain:aliases[access,list-aliases]",
  "GET /api/v1/domains/:domainId/aliases/:id  ::  auth=ApiToken+JWT guards=[GlobalPermissionGuard,DomainPermissionGuard] domain:aliases[access,view-alias]",
  "GET /api/v1/domains/:domainId/dkim  ::  auth=ApiToken+JWT guards=[GlobalPermissionGuard,DomainPermissionGuard] domain:dkim[access,view-dkim] admin[access,view-admin-page]",
  "GET /api/v1/domains/:domainId/dkim-check  ::  auth=ApiToken+JWT guards=[GlobalPermissionGuard,DomainPermissionGuard] domain:dkim[access,check-dkim-dns] admin[access,view-admin-page]",
  "GET /api/v1/domains/:domainId/quotas  ::  auth=ApiToken+JWT guards=[GlobalPermissionGuard,DomainPermissionGuard] domain:quotas[access,view-quotas]",
  "GET /api/v1/domains/:domainId/recipients  ::  auth=ApiToken+JWT guards=[GlobalPermissionGuard,DomainPermissionGuard] domain:recipients[access,list-recipients]",
  "GET /api/v1/domains/:domainId/recipients/:id  ::  auth=ApiToken+JWT guards=[GlobalPermissionGuard,DomainPermissionGuard] domain:recipients[access,view-recipient]",
  "GET /api/v1/domains/:domainId/recipients/headroom  ::  auth=ApiToken+JWT guards=[GlobalPermissionGuard,DomainPermissionGuard] domain:recipients[access,view-recipient-headroom]",
  "GET /api/v1/domains/:domainId/rspamd/history  ::  auth=ApiToken+JWT guards=[GlobalPermissionGuard,DomainPermissionGuard] domain:rspamd[access,view-rspamd-history]",
  "GET /api/v1/domains/:domainId/rspamd/stats  ::  auth=ApiToken+JWT guards=[GlobalPermissionGuard,DomainPermissionGuard] domain:rspamd[access,view-rspamd-stats]",
  "GET /api/v1/domains/disk  ::  auth=ApiToken+JWT guards=[GlobalPermissionGuard,DomainPermissionGuard] global:domains[access,view-disk-usage]",
  "GET /api/v1/groups  ::  auth=ApiToken+JWT guards=[GlobalPermissionGuard,DomainPermissionGuard] global:groups[access,list-groups]",
  "GET /api/v1/groups/:id  ::  auth=ApiToken+JWT guards=[GlobalPermissionGuard,DomainPermissionGuard] global:groups[access,view-group]",
  "GET /api/v1/groups/:id/members  ::  auth=ApiToken+JWT guards=[GlobalPermissionGuard,DomainPermissionGuard] global:groups[access,list-group-members]",
  "GET /api/v1/groups/permissions/catalog  ::  auth=ApiToken+JWT guards=[GlobalPermissionGuard,DomainPermissionGuard] global:groups[access,view-group]",
  "GET /api/v1/health  ::  auth=PUBLIC guards=[]",
  "GET /api/v1/notifications  ::  auth=ApiToken+JWT guards=[]",
  "GET /api/v1/notifications/feed  ::  auth=ApiToken+JWT guards=[]",
  "GET /api/v1/notifications/preferences  ::  auth=ApiToken+JWT guards=[]",
  "GET /api/v1/postfix/queue  ::  auth=ApiToken+JWT guards=[GlobalPermissionGuard] global:postfix[access,view-postfix-queue]",
  "GET /api/v1/rspamd/actions  ::  auth=ApiToken+JWT guards=[GlobalPermissionGuard] global:rspamd[access,view-rspamd-thresholds]",
  "GET /api/v1/rspamd/history  ::  auth=ApiToken+JWT guards=[GlobalPermissionGuard] global:rspamd[access,view-rspamd-history]",
  "GET /api/v1/rspamd/stats  ::  auth=ApiToken+JWT guards=[GlobalPermissionGuard] global:rspamd[access,view-rspamd-stats]",
  "GET /api/v1/sieve/reject-senders  ::  auth=ApiToken+JWT guards=[GlobalPermissionGuard] global:sieve[access,list-reject-senders]",
  "GET /api/v1/tickets  ::  auth=ApiToken+JWT guards=[GlobalPermissionGuard] global:tickets[access,list-tickets]",
  "GET /api/v1/tickets/:id  ::  auth=ApiToken+JWT guards=[GlobalPermissionGuard] global:tickets[access,view-ticket]",
  "GET /api/v1/tickets/:id/messages  ::  auth=ApiToken+JWT guards=[GlobalPermissionGuard] global:tickets[access,view-ticket]",
  "PATCH /api/v1/accounts/:id/edit  ::  auth=ApiToken+JWT guards=[GlobalPermissionGuard] global:accounts[access,edit-account]",
  "PATCH /api/v1/admin/domains/:domainId/quota  ::  auth=ApiToken+JWT guards=[GlobalPermissionGuard,DomainPermissionGuard] global:domains[access] superadmin[access,resize-any-domain-quota]",
  "PATCH /api/v1/api-tokens/:id  ::  auth=JWT+ApiToken guards=[GlobalPermissionGuard] global:api-tokens[access,edit-api-token]",
  "PATCH /api/v1/auth/jwt/me  ::  auth=ApiToken+JWT guards=[]",
  "PATCH /api/v1/domains/:domainId/active  ::  auth=ApiToken+JWT guards=[GlobalPermissionGuard,DomainPermissionGuard] domain:admin[access,toggle-domain-active] domain[access,toggle-domain-active]",
  "PATCH /api/v1/domains/:domainId/aliases/:id  ::  auth=ApiToken+JWT guards=[GlobalPermissionGuard,DomainPermissionGuard] domain:aliases[access,edit-alias]",
  "PATCH /api/v1/domains/:domainId/owner  ::  auth=ApiToken+JWT guards=[GlobalPermissionGuard,DomainPermissionGuard] global:domain_owner_elevated[transfer-domain-ownership] domain:domain[access,transfer-domain-ownership]",
  "PATCH /api/v1/domains/:domainId/recipients/:id  ::  auth=ApiToken+JWT guards=[GlobalPermissionGuard,DomainPermissionGuard] domain:recipients[access,edit-recipient]",
  "PATCH /api/v1/groups/:id  ::  auth=ApiToken+JWT guards=[GlobalPermissionGuard,DomainPermissionGuard] global:groups[access,edit-group]",
  "PATCH /api/v1/groups/:id/owner  ::  auth=ApiToken+JWT guards=[GlobalPermissionGuard,DomainPermissionGuard] svc:groups[access,transfer-group-ownership]",
  "PATCH /api/v1/rspamd/actions  ::  auth=ApiToken+JWT guards=[GlobalPermissionGuard] global:rspamd[access,edit-rspamd-thresholds]",
  "PATCH /api/v1/sieve/reject-senders/:id  ::  auth=ApiToken+JWT guards=[GlobalPermissionGuard] global:sieve[access,edit-reject-sender]",
  "PATCH /api/v1/tickets/:id/status  ::  auth=ApiToken+JWT guards=[GlobalPermissionGuard] global:tickets[access,view-ticket]",
  "POST /api/v1/accounts/invite  ::  auth=ApiToken+JWT guards=[GlobalPermissionGuard] global:accounts[access,invite-account]",
  "POST /api/v1/accounts/invite/:token/accept  ::  auth=PUBLIC guards=[GlobalPermissionGuard]",
  "POST /api/v1/api-tokens  ::  auth=JWT+ApiToken guards=[GlobalPermissionGuard] global:api-tokens[access,create-api-token]",
  "POST /api/v1/api-tokens/:id/regenerate  ::  auth=JWT+ApiToken guards=[GlobalPermissionGuard] global:api-tokens[access,regenerate-api-token]",
  "POST /api/v1/api-tokens/:id/revoke  ::  auth=JWT+ApiToken guards=[GlobalPermissionGuard] global:api-tokens[access,revoke-api-token]",
  "POST /api/v1/auth/jwt/login  ::  auth=PUBLIC guards=[]",
  "POST /api/v1/auth/jwt/logout  ::  auth=PUBLIC guards=[]",
  "POST /api/v1/auth/jwt/refresh  ::  auth=PUBLIC guards=[]",
  "POST /api/v1/domains  ::  auth=ApiToken+JWT guards=[GlobalPermissionGuard,DomainPermissionGuard] global:domains[access,create-domain]",
  "POST /api/v1/domains/:domainId/aliases  ::  auth=ApiToken+JWT guards=[GlobalPermissionGuard,DomainPermissionGuard] domain:aliases[access,create-alias]",
  "POST /api/v1/domains/:domainId/dkim/rotate  ::  auth=ApiToken+JWT guards=[GlobalPermissionGuard,DomainPermissionGuard] domain:dkim[access,rotate-dkim-key] admin[access,manage-dkim]",
  "POST /api/v1/domains/:domainId/recipients  ::  auth=ApiToken+JWT guards=[GlobalPermissionGuard,DomainPermissionGuard] domain:recipients[access,create-recipient]",
  "POST /api/v1/groups  ::  auth=ApiToken+JWT guards=[GlobalPermissionGuard,DomainPermissionGuard] global:groups[access,create-group]",
  "POST /api/v1/groups/:id/members  ::  auth=ApiToken+JWT guards=[GlobalPermissionGuard,DomainPermissionGuard] svc:groups[access,add-group-member]",
  "POST /api/v1/groups/:id/members/all  ::  auth=ApiToken+JWT guards=[GlobalPermissionGuard,DomainPermissionGuard]",
  "POST /api/v1/groups/:id/members/bulk  ::  auth=ApiToken+JWT guards=[GlobalPermissionGuard,DomainPermissionGuard] svc:groups[access,add-group-member]",
  "POST /api/v1/notifications/:id/read  ::  auth=ApiToken+JWT guards=[]",
  "POST /api/v1/notifications/read-all  ::  auth=ApiToken+JWT guards=[]",
  "POST /api/v1/sieve/reject-senders  ::  auth=ApiToken+JWT guards=[GlobalPermissionGuard] global:sieve[access,create-reject-sender]",
  "POST /api/v1/tickets  ::  auth=ApiToken+JWT guards=[GlobalPermissionGuard] global:tickets[access,create-ticket]",
  "POST /api/v1/tickets/:id/messages  ::  auth=ApiToken+JWT guards=[GlobalPermissionGuard] global:tickets[access,view-ticket]",
  "POST /api/v1/tickets/:id/read  ::  auth=ApiToken+JWT guards=[GlobalPermissionGuard] global:tickets[access,view-ticket]",
  "POST /api/v1/tickets/:id/take  ::  auth=ApiToken+JWT guards=[GlobalPermissionGuard] global:tickets[access,handle-ticket]",
  "PUT /api/v1/groups/:id/domain-permissions  ::  auth=ApiToken+JWT guards=[GlobalPermissionGuard,DomainPermissionGuard] global:groups[access,edit-group-domain-permissions]",
  "PUT /api/v1/groups/:id/global-permissions  ::  auth=ApiToken+JWT guards=[GlobalPermissionGuard,DomainPermissionGuard] global:groups[access,edit-group-global-permissions]",
  "PUT /api/v1/notifications/preferences  ::  auth=ApiToken+JWT guards=[]",
]
`;
